// Jest Snapshot v1, https://goo.gl/fbAQLP

exports[`App should match the snapshot 1`] = `
<Fragment>
  <Form
    submitReservation={[Function]}
  />
  <ReservationsContainer
    reservations={Array []}
  />
</Fragment>
`;
